1xn6MV1gAkPBuKQlpnqWzbXZazQfjh_4V.jpg	Sanaa:0.2430377669804959:2455.6995,815.1186,2530.9185,916.38446;Pranav:0.2377373343013174:1427.5894,818.2105,1491.618,905.77234;Akshat:0.22166501602000635:1131.083,922.9207,1194.8445,1004.9485;Shivansh:0.13438793071915428:587.22107,1089.8071,671.1485,1196.8512;Esmee:0.12427130125620803:928.16693,898.9844,985.6144,993.8851;Shreyaan:0.10829316696787193:1630.0028,813.84937,1693.3032,895.8094;Zavian:0.10692595358624613:2063.0566,474.42206,2147.9443,591.2514	Multicultural_Week
1WB4dWSIzxXC-XyN612yFni1xf48XKfxT.jpg	Ariya:0.28336122609705244:1071.2576,738.02405,1919.5686,1895.7748;Mia:0.17447148454200942:301.92404,2409.7349,520.23535,2647.0527	Multicultural_Week
1nYbWJTZPacuym8T8ZwttJSBMEZ3nrkVB.jpg	Arisha:0.49495161528731996:3015.3381,1393.0125,3128.4932,1520.9613;Ariya:0.4797098230134138:1088.6348,1525.6735,1212.2656,1679.3191;Akshat:0.40790227207146496:3783.7415,763.3886,3888.1482,889.5741;Samarth:0.3815651468415665:2008.6145,1387.4034,2126.4954,1536.4963;Karthikeya:0.3779110078572545:2428.34,1410.8069,2537.8115,1533.3146;Illhan:0.30278404858185826:91.453476,1457.0731,227.26874,1620.6814;Esmee:0.3010769551835808:1400.6868,1526.9781,1519.4138,1672.1902;Ayaan:0.270582937889966:2153.4229,1283.8871,2217.1233,1374.6356;Akshat:0.2648298266274425:900.8294,619.39075,1010.48285,755.7676;Akshat:0.26287141823914384:773.3766,1040.5956,896.718,1206.6125;Akshat:0.2600050270065598:1706.5653,653.91034,1801.9452,769.64056;Myra:0.25141573380881554:1322.9169,702.12286,1415.7122,822.1418;Akshat:0.23808296101154708:2610.4956,1135.4901,2720.4302,1270.9841;Esmee:0.2377036352421748:511.52695,632.96545,582.49677,729.9028;Arisha:0.2238887836967319:2810.5522,1011.63043,2920.2896,1148.965;Myra:0.2226604186280587:255.75926,560.18317,337.76477,681.2974;Ariya:0.1864125180545345:3276.2778,733.4435,3362.6846,861.18713;Ayaan:0.18208492579454155:3017.8533,750.27606,3105.634,861.7934;Sanaa:0.1752078186483513:2733.5544,749.8702,2837.0012,881.2705;Arisha:0.16160353806839378:2989.1484,1182.924,3079.975,1298.816;Francis:0.14794532527593693:3457.9233,1479.4291,3565.717,1624.6757;Esmee:0.1424681337477252:59.656723,807.26483,178.52069,949.6568;Ayaan:0.14066799223121687:1652.6268,1217.939,1721.7062,1311.1151;Aarav:0.1276812939472029:2643.3313,1435.3435,2746.5386,1563.0359;Ayaan:0.11464585477281017:2167.823,715.4344,2262.1216,823.2239;Esmee:0.11128231557203012:1733.0676,1452.5328,1847.4008,1600.005;Francis:0.10287479735969046:40.933655,641.6188,117.864624,739.1532	Multicultural_Week
1q4sb3kduKNjQwxKFoXv6RD-6mvDn7N52.jpg	Ayla:0.3821112553132672:2559.3667,1053.1239,2824.226,1367.1721;Elise:0.34471447755396445:3284.9487,838.70996,3565.8928,1161.4128;Arisha:0.3202085223792451:1065.7585,934.7461,1337.5005,1282.2617;Sanaa:0.21194482766441008:91.34052,1027.5955,401.45026,1383.8599;Shreyaan:0.196656686755355:1819.075,1084.0801,2072.7136,1384.1981	Multicultural_Week
1NK_Vtpx9HmLUBnaZlPJKL0PPYET6cr5P.jpg	Aarav:0.5665459979295558:2884.673,1045.441,3023.3237,1210.6194;Francis:0.536120462707637:1992.4963,1147.4485,2187.196,1394.1492;Myra:0.46432525123470636:2528.6794,1140.4225,2677.3882,1312.1532;Sanaa:0.4370039273432835:880.36646,1415.4348,1096.3026,1668.8978;Ariya:0.17240233599589702:3434.3967,1040.9022,3573.4912,1206.4717;Pranav:0.1688382013176531:1646.9945,1373.5188,1776.0616,1548.1439	Multicultural_Week
1cAnHEaiYxfu7MGpSs_B_ThBwD1NHRknE.jpg	Elise:0.38250863006547176:1242.9851,328.05206,1352.2739,469.67096;Ayla:0.3442679977236955:467.42163,447.07275,542.19836,538.6854;Ayla:0.2067863338706202:424.14008,1459.9413,450.54147,1493.0709	Outdoor_Play
1YBqJGGgih4qIPSRtOH5o9WFRVHuXE4Pl.jpg	Samarth:0.3255540733808697:1313.6543,1401.7048,1724.0087,1939.0289	Outdoor_Play
1lataz2RWVUi8ZpT7ABF_OGppTTxn9ADF.jpg	Ayaan:0.5658405809839558:1370.411,606.45306,1468.6613,714.6035;Sanaa:0.13378584802751733:767.42633,421.2318,846.1107,541.1195	Outdoor_Play
1XmFzwQSDAftwhibJ5R_m25rdtW4AZVgC.jpg	Elise:0.6904290144332225:1451.8909,1331.1617,1920.0887,1934.9618	Outdoor_Play
1UbojyV_CUC-W4YefTyqeqrIoDfA-U-JI.jpg	Shivansh:0.571369098525044:1314.362,933.4347,1750.1144,1462.8799	Outdoor_Play
12LnTkagnOv01-gBXI8vdeHLzplUCX7L7.jpg	Francis:0.3358211747410907:1176.7865,649.4949,1197.7714,679.38525;Samarth:0.29476795036881176:1020.87085,308.09296,1167.6621,490.49973;Samarth:0.24806138415089074:708.3449,507.96252,870.3089,723.0864;Arisha:0.2460414155598714:1175.1038,732.549,1192.071,755.527;Sanaa:0.1311315309559199:1342.9884,334.80365,1494.0139,523.0945	Outdoor_Play
1xI9vQrEbeTM9Yp1tywIROdaA_yZgdsoB.jpg	Francis:0.7864238456345775:439.08292,578.68695,706.92615,916.2383;Karthikeya:0.4696954185021045:1357.376,393.99185,1597.7234,658.76245;Zavian:0.1840432957631788:937.02765,537.2287,1139.7036,777.9233	Outdoor_Play
15NtZFBAkMNsF1X_c6ILtMVwfCYvZwqdq.jpg	Pranav:0.6260750516070167:543.4902,721.9711,636.00256,830.2822;Pranav:0.18462800228287046:1032.2294,282.86893,1118.9149,386.84894;Sanaa:0.1790341389451221:1346.3762,287.08597,1451.8142,394.19193;Shreyaan:0.1558271405951996:1433.3268,137.9112,1459.1648,179.92068	Outdoor_Play
1LM-EL4U1u3g_Sc-6oJZZOer00HXq9QMh.jpg	Illhan:0.47907602565690555:591.1948,184.34541,730.21,365.79895;Ayla:0.38582844920904324:1171.287,633.17175,1279.0276,767.24963;Ariya:0.23542472532051223:1448.6124,680.25134,1585.4144,854.9576;Francis:0.12933315621185265:1371.757,952.69366,1405.0647,1000.05945	Outdoor_Play
1fl7gwXrro1VhvOGAT19VM8RUf-kKgTw6.jpg	Ariya:0.5561764240367341:1370.7185,830.31946,1737.2902,1308.1384	Outdoor_Play
1-9_EbL_zrmlDUmm2UzbbvPBPxBxkUyVq.jpg	Shreyaan:0.3878024293842842:1236.0221,901.0953,1719.4598,1549.6323	Outdoor_Play
1G7vRAIb6iSBQYIN_wh3dRKleFlQCFCKe.jpg	Illhan:0.618604714432186:1208.6317,1420.8906,1681.9766,1942.0631	Outdoor_Play
1eonsn3shCdqmy84W_uYoGzrDiFb4Jk3c.jpg	Ayla:0.7298178957093974:2017.6671,1068.5397,2178.931,1273.3916;Arisha:0.4521804017845571:535.0276,1166.9386,732.65576,1407.4081;Shanay:0.2325189763868672:2890.4858,1198.4716,3110.024,1445.2303	Outdoor_Play
1rO2tuUtDqCTHNMfZa_6e9wPX17ITSENN.jpg	Ariya:0.34428284518125657:461.48813,887.5609,596.3141,1035.9526;Akshat:0.2510222014264453:1405.8184,315.28217,1519.8853,443.88614	Outdoor_Play
1QWMdXzmZsbH6kYeFvY0ZSzoYt8OBoPUk.jpg	Myra:0.8130979606449636:1283.3552,956.7174,1718.4249,1453.4875;Mia:0.16897807769763318:2380.7107,3933.0928,2402.109,3959.278	Outdoor_Play
1zFy_-KAZHXXx7puq2zxyVIIkE3FU4VwR.jpg	Francis:0.6912318407129908:512.38245,492.1769,745.4776,791.1228;Karthikeya:0.25405044956001194:1186.6971,350.89252,1361.2719,532.6504	Outdoor_Play
12ykRzpU6HFp4fnt_mre3OS0k5ifTTZU1.jpg	Ayla:0.5597903352189012:1041.687,528.04706,1129.0577,640.5098;Sanaa:0.37540054921070615:1508.6011,492.7294,1608.4902,610.43787;Aarav:0.28407405040206624:568.44946,423.47427,664.5053,537.52106;Ariya:0.2820845783574701:1294.3165,501.94943,1392.3066,617.4234;Ariya:0.20448857921251515:810.9172,486.81412,908.7339,608.301;Esmee:0.19499323533107193:1164.7706,1047.871,1197.098,1086.0177;Ariya:0.19175906212359412:194.47334,491.21588,291.57773,594.1655;Ariya:0.14290108426863493:1807.0432,539.2336,1901.4849,653.60205	Outdoor_Play
1O7jln2NMvUCgtvqEVBLg2DnCP_kOdfZV.jpg	Sanaa:0.23446793809823455:1537.2928,434.3744,1689.6172,613.88055;Francis:0.1975080025218653:1826.098,1384.5728,1853.1239,1415.7662;Elise:0.19102129276512053:448.2009,696.0632,472.3929,724.9754;Shivansh:0.1897096962022134:354.4827,320.99802,511.3889,528.4845;Elise:0.17139569648734723:659.248,1161.5594,678.6571,1183.1256;Samarth:0.16828538006656774:749.6257,354.91473,904.0851,553.474	Outdoor_Play
1BIaSAJ4Mfbg5neQt1AZRwBXXkZWDElE3.jpg	Samarth:0.37644569451993887:1444.1409,673.48096,1524.2344,775.8891;Myra:0.3085363158924264:400.69492,732.3279,465.77264,817.11237;Arisha:0.26903210316023846:1031.7036,518.18005,1095.3274,594.526;Akshat:0.12350090427156654:453.52905,738.97046,473.173,762.7483	Outdoor_Play
1XqFCXSRnqHFXYESZr-97pDz_aDhpD6JZ.jpg	Francis:0.7865214562034168:1319.2914,924.89764,1812.3557,1585.9446	Outdoor_Play
19H9RUAPlXt5aAgT_3U_mfMsLpQSli4sU.jpg	Ayla:0.6155768799229135:1298.1425,1517.903,1686.9563,1994.024;Francis:0.35988626775894883:1186.8018,3832.8774,1216.3964,3869.9167	Outdoor_Play
1rNNENxQEyML_NnoyrBHviRmx2lns1_Ji.jpg	Pranav:0.42681331979990245:1027.2416,528.4181,1099.5792,614.8527;Francis:0.4081939472402575:1401.7552,792.52936,1480.008,891.08887;Arisha:0.2324729602299495:366.32175,695.4553,428.59906,786.47705;Pranav:0.19591161914468316:1253.8003,495.6543,1322.7496,585.9983;Sanaa:0.14050120422186987:1391.2911,464.54422,1451.3793,536.2585	Outdoor_Play
1aZoF51bluLQ-rj1s5qv5SvtA7FxA6r4Q.jpg	Arisha:0.3886796377266898:716.3563,171.38948,853.0074,338.07605;Ariya:0.26534488565458625:904.3839,583.95905,1009.26636,700.90686;Sanaa:0.2332987897244425:1160.581,717.7184,1258.1456,817.91174;Ariya:0.17259478437925782:1714.5217,82.04187,1796.6671,186.67586	Outdoor_Play
1NtCvcu6oK0fK9zdOajjFiG_tlXLL9dfa.jpg	Stella:0.5833893874294747:1341.366,1256.2048,1762.042,1793.2938	Outdoor_Play
17jlVgnlXhomx-o5wFTf4m1Q0II-AG3Ki.jpg	Esmee:0.5247377086159944:1086.277,546.84106,1199.4921,681.91364;Elise:0.28966746463754567:630.5137,639.8752,776.675,805.05695	Outdoor_Play
1TNj8Y35QszbnW0SOxhJOHD0B0i-L4IDS.jpg	Akshat:0.18938639820217337:1405.7467,563.0474,1531.8447,710.6138;Samarth:0.17512880943890313:508.5314,668.63824,655.2368,833.06384	Outdoor_Play
15yuyUIuiKD36JZYL_vYVrrlaqKlFpAuS.jpg	Ariya:0.6941886566405603:1729.8898,389.28442,1868.5399,560.36945;Francis:0.29226462611222864:375.07092,776.18036,533.1307,965.8048;Shreyaan:0.28632982646985544:685.73914,292.83737,815.96265,457.85458;Stella:0.24848966277621648:343.93155,563.3076,488.7783,750.11975;Shivansh:0.11397119072259632:1090.4879,361.353,1153.8087,462.21082	Outdoor_Play
16_5dVXIPzNls4NXrmBW9WdmQa1esf0LO.jpg	Ayla:0.5924973670190089:1674.7538,1982.0887,1938.2013,2326.2861;Francis:0.2812202962077273:1778.2869,3589.9568,1999.2738,3825.6475;Elise:0.2636672408212951:1481.7848,3026.9854,1535.3091,3101.3513;Elise:0.21957886564553794:2512.7751,233.0661,2578.6277,320.0643;Akshat:0.17499814165210667:1174.229,2474.898,1218.7357,2545.108;Myra:0.13127191820449044:1495.2437,3398.6277,1833.3982,3873.734;Akshat:0.11680931327772892:1060.1559,631.5069,1362.5463,1030.7258	Outdoor_Play
136Rnru0-5-Q6DiC1SBNNcmFxn0rIJ8pg.jpg	Arisha:0.6358719076145487:1213.2073,823.3142,1696.058,1403.0709	Outdoor_Play
1nu5JjeCccwYLjdEvSCNlBkurpIDB1Dac.jpg	Myra:0.7291322277569126:117.00345,687.06195,246.91724,841.477;Sanaa:0.5718249201183295:1133.7261,229.02328,1232.0809,355.3484;Arisha:0.24686759031178204:1719.1643,287.3908,1828.6617,423.24796;Samarth:0.18475179783489046:1354.4972,630.5414,1485.7778,793.6286;Akshat:0.14270496813061026:1359.7759,907.7065,1380.2039,935.74274	Outdoor_Play
17npI2hDr_zHdaEw35Cq4C_wjbGHpKRmx.jpg	Sanaa:0.24921819021066302:763.4557,333.6122,857.39325,450.8509;Esmee:0.20876246999182932:545.4468,1413.8771,575.0923,1448.2416;Myra:0.18150460020737091:1442.8074,421.31265,1514.1235,503.67355;Ayaan:0.12404896769644545:250.22855,477.916,338.6576,602.53186	Outdoor_Play
1NQvU7MboqohGop0Dra1NmlhjZVOmCGNh.jpg	Pranav:0.5561074442995984:1187.7083,426.5536,1317.7,581.74756;Illhan:0.5054315261052097:1506.9338,551.9274,1650.2948,718.10156;Sanaa:0.12594760399987437:747.4532,617.9271,942.2597,834.3966;Shanay:0.11416041980143993:369.7799,580.4335,504.04697,736.6024	Outdoor_Play
15Jx_nN7LGV1b07pHrPFHXTiwGDaXLJ9l.jpg	Pranav:0.6745396746290372:837.28735,441.65552,1066.4552,721.3164	Outdoor_Play
12aqZ4GyFMKI_Adl-yGZrTcNeqkU6vZC_.jpg	Pranav:0.6570756782675716:1122.0208,979.0659,1522.3206,1462.2748	Outdoor_Play
1rLYsupGYS7kpJllVZwoqmhOjWH370o8P.jpg	Karthikeya:0.6109036944760083:1125.4141,1191.5251,1633.6901,1750.8269	Outdoor_Play
1V03PVJWSgnTLj4tUlnDgMGLjVI0PTCv3.jpg	Esmee:0.6204923583235802:1202.5017,334.7703,1366.9817,541.6034;Mia:0.4900859663520207:666.5393,308.54456,845.5412,521.9904;Esmee:0.2515465930253804:192.82066,620.16693,407.41434,885.0159	Outdoor_Play
1TCrEtwVMMx2jHcYFkouAL9dgQ1mzkHy0.jpg	Ariya:0.58759353663657:1404.5823,495.2415,1500.3115,613.0707;Ayla:0.48409204409546974:1178.1636,435.97812,1267.0355,552.8389;Francis:0.2234102200644438:1704.2502,251.35545,1728.4705,281.282	Outdoor_Play
1djEZAx2y8nRGYN88GnF1ZMDa5dh7EPd_.jpg	Ayla:0.7432224544721603:708.5281,897.8059,950.7148,1194.5625;Esmee:0.5995957279992874:3066.874,1721.0485,3349.0676,2076.2888;Aarav:0.2447884540828745:1688.8782,603.4715,1909.382,855.5811;Stella:0.15159607066050668:3661.1672,962.8847,3877.286,1198.5642	Outdoor_Play
1ybX1OouVSpir5RDhvar1ld7S5QXG779l.jpg	Stella:0.32297880898387316:794.28357,453.07736,885.1423,565.5686	Outdoor_Play
1uQZ4NyljX7msR86ogXlYDI6gSxu0RC8T.jpg	Arisha:0.290489856439361:337.375,381.79428,491.58636,576.0079;Sanaa:0.24113737689031065:1527.421,442.37897,1692.6313,647.04645	Outdoor_Play
1YBa2tG_05G0TzmPWGe7ofsuKaNQeAPLS.jpg	Ayla:0.7101688722092073:2148.0771,2444.5774,2472.2673,2847.7607;Stella:0.49107260250137275:650.7644,409.04987,1009.0574,859.9086;Myra:0.3443881118007213:2056.5154,925.97675,2342.0872,1257.0543;Elise:0.22303407220864854:1753.606,3915.8218,1816.1764,3993.9373;Francis:0.1593022662845132:2749.632,346.6362,2843.7063,465.6651;Esmee:0.14164208549215235:2804.057,2844.9214,2869.3667,2926.3936	Outdoor_Play
1XJ0rTaOyogFv8p7bWOSYYKrWlC9vzv9r.jpg	Pranav:0.23925445592384115:907.7475,448.1055,950.77844,534.3212;Shanay:0.1637953882454254:1325.4203,510.30267,1397.9581,578.6309	Outdoor_Play
1Vl1lCb0ib3fP_v0FG7iY-G5ewCZhgxgF.jpg	Ayaan:0.30058363158994467:1242.4446,559.69244,1352.0721,691.9562;Arisha:0.1720109909436609:116.32683,377.8395,180.33025,466.18683;Shanay:0.13886287532170263:372.7111,458.04883,441.5454,535.27313;Stella:0.1199833548081844:912.2921,584.63446,1001.2107,715.4709	Outdoor_Play
1cuzja-dIM9IeFi3zh8lYbMQYJIVFJ1uU.jpg	Pranav:0.6391274021438805:925.7232,1081.9187,1184.2611,1427.601;Ayla:0.4390344175127596:2886.1477,961.8904,3084.219,1213.7644;Esmee:0.21392560000665634:1394.1165,1389.6493,1415.859,1417.1526;Elise:0.18694242767293243:3983.5032,819.36676,4010.9915,852.16736	Outdoor_Play
1aDO6BZGmfZZao3Rkf7Qm5NS-Dd_khZA1.jpg	Zavian:0.4660435545015351:1427.3337,966.8742,1872.0223,1568.9438	Outdoor_Play
1sxdPepIznckkIpSDN2EOECldd2rYQFhc.jpg	Ayaan:0.7103676001045403:1245.0262,954.8348,1748.5085,1526.1024	Outdoor_Play
1YL4BLvTVPdVB9xt4VAAzlDYl8BIMsCVS.jpg	Francis:0.3050159178241691:2805.4438,1429.2761,3028.0767,1711.9474;Francis:0.18187834914704523:1047.9703,1446.5477,1257.869,1714.6558	Outdoor_Play
16IWv1oqTRWEWGhghtPzLR9-cpN2uTQ1C.jpg	Mia:0.528197972599594:1314.6433,911.95215,1728.278,1419.6223	Outdoor_Play
1NBKOSZa4WGIBioEkSEqNCn0uMLYeOj3c.jpg	Myra:0.5262111504784426:3138.4685,691.16315,3274.3696,844.5537;Ayla:0.5061263373562069:1650.2858,597.02594,1810.1501,779.87634;Shreyaan:0.12252270234752309:3254.0933,1085.5739,3291.5115,1134.0238	Outdoor_Play
1onsxoq3OGV87XdVkFHyb5m3VBYw7gSnO.jpg	Pranav:0.3277729692536081:242.08856,677.5632,362.31534,818.84674;Arisha:0.25785013345261937:979.1559,227.4628,1061.9518,333.6598;Sanaa:0.23629255605487207:1182.1019,195.93665,1279.354,315.48523;Esmee:0.20432881626443947:88.599434,1269.446,121.36953,1305.5447;Elise:0.20031153419099912:861.02014,173.2466,905.0293,233.23888;Pranav:0.0937595444082273:722.797,-1.7139885,749.55566,45.000587	Outdoor_Play
1JKnMCZXjK4n3JYFKyDahkIJRFrQdqUIm.jpg	Akshat:0.6667971938057955:1277.4573,919.97614,1664.7273,1420.0184;Francis:0.2766558348858996:1164.3346,3510.6482,1193.8582,3546.0698	Outdoor_Play
1AV8vd-20gUDAWuscwr318JBLepA48JrP.jpg	Shanay:0.27573587390442295:1258.3135,373.5636,1421.3604,553.134;Shivansh:0.13312471816383584:400.45322,361.79666,589.7292,593.76904	Outdoor_Play
1c119TLFalLRU0yXT4fg8WQRkovJl9pYe.jpg	Ariya:0.4856053860124978:1389.7195,715.8754,1464.5917,803.2397;Ayla:0.401730013373465:1130.9961,687.2386,1216.8394,794.3315;Elise:0.19447689990507094:1788.4667,220.50693,1814.3715,248.21733	Outdoor_Play
1FvGBOUrmQra7yki-WTvUaOG9fNxjopNt.jpg	Esmee:0.6741629370768133:1344.2362,1306.2596,1715.2472,1754.9243	Outdoor_Play
1JZluEv10InUHLOrGTUK6qucMU7yrppao.jpg	Francis:0.22216049339335406:1300.6536,978.168,1761.6968,1581.9563	Outdoor_Play
1LJ3C42yCb25tkHcbLeOq4fKqQyAz1SGk.jpg	Sanaa:0.4386047505241255:1183.3448,886.32355,1628.3508,1468.9183	Outdoor_Play
196JDMCE-Bs9Bh2wAYkFI9ZMQMCRXw5ns.jpg	Ayla:0.7175377339381025:2124.6414,819.4915,2424.693,1208.9027;Sanaa:0.5493970956298005:2990.3982,828.3682,3278.0427,1205.9939;Elise:0.3647127854935807:1365.2422,1708.638,1441.3541,1800.2013;Ayaan:0.15540045729150181:1000.7655,820.2661,1307.6976,1211.3549;Ariya:0.1342881938492461:2822.2107,2012.1354,2850.1592,2044.8605	Outdoor_Play
1M2V_UI9zddyiqc6xSpJ9gRnR58Rxt5is.jpg	Ayla:0.6385773958308398:2020.7101,1147.7693,2344.2678,1551.6952;Stella:0.3937996733873727:820.35803,1172.3423,1159.4054,1587.6917;Esmee:0.14065306496450322:1867.8914,2082.843,1894.0356,2111.7026	Outdoor_Play
1CMFqqhIB3fEt2yM1nrGeIP12vFj4Yh9k.jpg	Shanay:0.5857615527735156:1391.24,1247.0095,1865.8579,1827.1189	Outdoor_Play
16mP1-iwBsNTLzSpJWOV91gjTkbysi5dI.jpg	Stella:0.38425775734358003:1289.9811,534.37665,1423.4447,708.25287;Elise:0.2872594606465755:1035.667,181.64598,1126.3975,293.88556;Ariya:0.19726308186118818:727.3568,688.4747,870.7954,867.28186	Outdoor_Play
16A7vU1LoMyg0doCVmdOF5EAxpeJAs9In.jpg	Aarav:0.5987899604879213:1192.0488,1050.134,1656.7786,1646.8354	Outdoor_Play
1IkSMClBVzk99JzIrLYtKJ-izvjmo9Vow.jpg	Arisha:0.42197855990067257:84.685234,298.4304,178.03622,404.39636;Ayaan:0.32811989351621085:1175.7334,440.06067,1330.8402,612.1301;Karthikeya:0.23049304503674567:820.2197,460.3943,975.03564,635.75446;Elise:0.12701297502386832:262.35254,1174.9965,292.96045,1207.9924	Outdoor_Play
1IQks10wQDoerv7Rgjq6wyxYGjs3SyCXP.jpg	Ariya:0.7151213429102:1646.8297,637.6641,1741.9305,746.08905;Stella:0.2435361659709199:402.64252,300.16602,463.0514,375.493;Esmee:0.23269149128679295:1091.9454,1069.6821,1114.5181,1093.4054;Myra:0.20965379828929123:231.0147,260.16257,276.98474,337.06497	Outdoor_Play
1MyE4_NYoQNcWwFLEZmyZhUmRbdI3HsEP.jpg	Stella:0.20630273592822448:223.99336,303.11386,288.78067,385.2125	Outdoor_Play
11l70ah5pS-wZ_2DishnpT0jr_r8cQ06s.jpg	Ayla:0.5570609085836077:1531.5642,670.8782,1821.3817,999.39874;Francis:0.15193942705229457:1132.7898,2361.4934,1178.6721,2428.2415	Outdoor_Play
1_ile5QRW_RuwrrE9bzs0kWsI2tN9i8BI.jpg	Shanay:0.5713818749402482:1398.8749,681.7332,1707.5521,1040.4509;Shivansh:0.49291716311921246:2456.5444,499.90213,2748.2605,853.9337	Valentine's_Day
1JbrBxdlEwKIcJa3rN1SKShvB6lFLarVB.jpg	Aarav:0.2426393936572085:2887.6213,763.41095,3116.946,1005.48035;Zavian:0.22682266789546218:1779.2987,483.62735,1998.2717,730.4022;Francis:0.21706960635375142:1631.4813,867.9625,1700.8578,942.2858;Illhan:0.18329435086318377:210.51038,641.77527,437.63992,876.8547;Pranav:0.18304988938167624:210.85608,1174.3234,451.46933,1482.6665	Valentine's_Day
1PZX-KV7Rg9gSuu_KWNlIU_HjDRKLtv0N.jpg	Aarav:0.5632151399697204:2529.6296,2103.2651,2805.5088,2406.8123;Zavian:0.5126208536467889:1868.8301,1059.9224,2011.246,1237.4943;Samarth:0.2760289731580357:990.2576,1214.9937,1157.9204,1408.5978;Zavian:0.1933305116701515:2438.8572,1466.1069,2633.7888,1719.476	Valentine's_Day
1dXRDYXydryE6cGfNFI3jSAxAOaxRCUC1.jpg	Illhan:0.43773845490014807:3713.9731,878.35114,3855.9243,1040.5941;Shanay:0.40012121325021793:910.46735,682.6722,1063.2946,857.5012;Ayaan:0.2977750464289694:439.9237,978.42944,680.18964,1238.0844;Ayaan:0.2628434193699063:452.2526,1427.961,677.91925,1712.1962;Pranav:0.21688871107212218:1327.4568,694.1853,1416.2412,837.6541;Pranav:0.13631708102166462:2800.436,530.2157,2997.9307,760.21313;Akshat:0.13598118570696144:2725.9595,745.6261,2833.6953,883.24335	Valentine's_Day
1vLIvpKR-wXUqX2IxWxyWvf0IVXzYo_43.jpg	Esmee:0.5374572367656105:909.85034,936.6178,1200.9701,1277.044;Shreyaan:0.3344992540413275:3020.8342,398.41745,3208.4326,609.14026;Ayaan:0.2502069286715188:3358.1519,1590.9017,3756.755,2038.6095;Esmee:0.23607176842872404:1457.0573,1811.205,1485.2443,1844.1893;Shivansh:0.19923602256953402:1639.817,394.55145,1821.0143,624.033;Myra:0.16598613644488172:3809.8538,807.22064,4004.9097,1118.6431	Valentine's_Day
105uCOuQUyFtHckREVfb7BLYe5IyKEQFO.jpg	Francis:0.5842732886859577:3439.8113,1221.5298,3568.0425,1386.2552;Francis:0.31024788831230593:875.17065,1237.9928,993.0865,1379.6138;Myra:0.27204406555216487:1915.9974,1224.4943,2008.8473,1328.5355;Shreyaan:0.25540623119418854:2380.6384,1217.9592,2477.0732,1328.3276;Ariya:0.19498639107323468:2647.5996,1195.2286,2733.508,1317.3491;Arisha:0.1442034042443604:3061.9504,1244.2155,3152.869,1362.6956	Valentine's_Day
1Nkx8RDWm-JHrC5FcZANEIEZ7LBdW4DCt.jpg	Ayla:0.3893084084059527:2005.926,983.7593,2094.1318,1097.8232;Arisha:0.2083617685280963:370.27133,1457.005,511.24506,1625.25;Zavian:0.18455136255787047:758.1381,1168.5957,883.09106,1309.4722;Esmee:0.17537081332952859:2811.545,1223.7833,2989.75,1416.9137;Stella:0.17464826290989666:1254.4486,1110.8359,1377.0245,1254.7805;Akshat:0.1323017689049979:2386.3394,972.05554,2471.905,1078.6976	Valentine's_Day
1Z5BZ4j3s6pJsKEUo0zGbcwkJtscYXp88.jpg	Arisha:0.4707344057992437:996.67847,1435.5287,1131.9988,1641.7628;Esmee:0.22830782634356558:1693.2233,624.62067,2024.4277,976.4071	Valentine's_Day
1nRXu3uXZnV4cPkmrVDpwX2CH3HUFgIZM.jpg	Ayaan:0.2663160454516167:814.9783,1804.1874,870.7755,1891.0775;Francis:0.23748720654514108:2598.5989,2102.9756,2651.357,2190.7273;Sanaa:0.21169411829431847:1268.3927,1552.5669,1357.1521,1650.0522;Myra:0.13838518563888302:948.53516,1775.141,1018.3522,1855.1622;Francis:0.13592844811800905:1725.6147,1773.5214,1787.0209,1858.0498	Valentine's_Day